// Jest Snapshot v1, https://goo.gl/fbAQLP

exports[`<Posts /> should match snapshot 1`] = `
<div
  class="posts"
>
  <div
    class="post"
  >
    <img
      alt="Title"
      src="cover"
    />
    <div
      class="post-content"
    >
      <h2>
        Title
      </h2>
      <p>
        Body
      </p>
    </div>
  </div>
  <div
    class="post"
  >
    <img
      alt="Title 2"
      src="cover 2"
    />
    <div
      class="post-content"
    >
      <h2>
        Title 2
      </h2>
      <p>
        Body 2
      </p>
    </div>
  </div>
  <div
    class="post"
  >
    <img
      alt="Title 3"
      src="cover 3"
    />
    <div
      class="post-content"
    >
      <h2>
        Title 3
      </h2>
      <p>
        Body 3
      </p>
    </div>
  </div>
</div>
`;
